2026-06-11T10:44:38.674+03:00  INFO 13864 --- [jobportal] [restartedMain] c.e.jobportal.JobportalApplication       : Starting JobportalApplication using Java 25 with PID 13864 (C:\Users\rtasioul\Documents\spring\section13\jobportal\target\classes started by rtasioul in C:\Users\rtasioul\Documents\spring\section13\jobportal)
2026-06-11T10:44:38.681+03:00  INFO 13864 --- [jobportal] [restartedMain] c.e.jobportal.JobportalApplication       : No active profile set, falling back to 1 default profile: "default"
2026-06-11T10:44:38.790+03:00  INFO 13864 --- [jobportal] [restartedMain] .e.DevToolsPropertyDefaultsPostProcessor : Devtools property defaults active! Set 'spring.devtools.add-properties' to 'false' to disable
2026-06-11T10:44:38.795+03:00  INFO 13864 --- [jobportal] [restartedMain] .e.DevToolsPropertyDefaultsPostProcessor : For additional web related logging consider setting the 'logging.level.web' property to 'DEBUG'
2026-06-11T10:44:38.843+03:00  INFO 13864 --- [jobportal] [restartedMain] .s.b.d.c.l.DockerComposeLifecycleManager : Using Docker Compose file C:\Users\rtasioul\Documents\spring\section13\jobportal\compose.yml
2026-06-11T10:44:40.855+03:00  INFO 13864 --- [jobportal] [OutputReader-stderr] o.s.boot.docker.compose.core.DockerCli   :  Container jobportaldb Starting 
2026-06-11T10:44:41.350+03:00  INFO 13864 --- [jobportal] [OutputReader-stderr] o.s.boot.docker.compose.core.DockerCli   :  Container jobportaldb Started 
2026-06-11T10:44:41.352+03:00  INFO 13864 --- [jobportal] [OutputReader-stderr] o.s.boot.docker.compose.core.DockerCli   :  Container jobportaldb Waiting 
2026-06-11T10:44:41.868+03:00  INFO 13864 --- [jobportal] [OutputReader-stderr] o.s.boot.docker.compose.core.DockerCli   :  Container jobportaldb Healthy 
2026-06-11T10:44:50.370+03:00  INFO 13864 --- [jobportal] [restartedMain] .s.d.r.c.RepositoryConfigurationDelegate : Bootstrapping Spring Data JPA repositories in DEFAULT mode.
2026-06-11T10:44:50.546+03:00  INFO 13864 --- [jobportal] [restartedMain] .s.d.r.c.RepositoryConfigurationDelegate : Finished Spring Data repository scanning in 152 ms. Found 4 JPA repository interfaces.
2026-06-11T10:44:51.929+03:00  INFO 13864 --- [jobportal] [restartedMain] o.s.boot.tomcat.TomcatWebServer          : Tomcat initialized with port 8080 (http)
2026-06-11T10:44:51.956+03:00  INFO 13864 --- [jobportal] [restartedMain] o.apache.catalina.core.StandardService   : Starting service [Tomcat]
2026-06-11T10:44:51.958+03:00  INFO 13864 --- [jobportal] [restartedMain] o.apache.catalina.core.StandardEngine    : Starting Servlet engine: [Apache Tomcat/11.0.14]
2026-06-11T10:44:52.095+03:00  INFO 13864 --- [jobportal] [restartedMain] b.w.c.s.WebApplicationContextInitializer : Root WebApplicationContext: initialization completed in 3488 ms
2026-06-11T10:44:52.451+03:00  INFO 13864 --- [jobportal] [restartedMain] com.zaxxer.hikari.HikariDataSource       : HikariPool-1 - Starting...
2026-06-11T10:44:53.299+03:00  INFO 13864 --- [jobportal] [restartedMain] com.zaxxer.hikari.pool.HikariPool        : HikariPool-1 - Added connection com.mysql.cj.jdbc.ConnectionImpl@c03a85e
2026-06-11T10:44:53.304+03:00  INFO 13864 --- [jobportal] [restartedMain] com.zaxxer.hikari.HikariDataSource       : HikariPool-1 - Start completed.
2026-06-11T10:44:53.362+03:00  INFO 13864 --- [jobportal] [restartedMain] o.hibernate.jpa.internal.util.LogHelper  : HHH000204: Processing PersistenceUnitInfo [name: default]
2026-06-11T10:44:53.471+03:00  INFO 13864 --- [jobportal] [restartedMain] org.hibernate.Version                    : HHH000412: Hibernate ORM core version 7.1.8.Final
2026-06-11T10:44:54.386+03:00  INFO 13864 --- [jobportal] [restartedMain] o.s.o.j.p.SpringPersistenceUnitInfo      : No LoadTimeWeaver setup: ignoring JPA class transformer
2026-06-11T10:44:54.628+03:00  INFO 13864 --- [jobportal] [restartedMain] org.hibernate.orm.connections.pooling    : HHH10001005: Database info:
	Database JDBC URL [jdbc:mysql://127.0.0.1:3306/jobportal]
	Database driver: MySQL Connector/J
	Database dialect: MySQLDialect
	Database version: 9.7
	Default catalog/schema: jobportal/undefined
	Autocommit mode: undefined/unknown
	Isolation level: REPEATABLE_READ [default REPEATABLE_READ]
	JDBC fetch size: none
	Pool: DatasourceConnectionProviderImpl
	Minimum pool size: undefined/unknown
	Maximum pool size: undefined/unknown
2026-06-11T10:44:56.938+03:00  INFO 13864 --- [jobportal] [restartedMain] o.h.e.t.j.p.i.JtaPlatformInitiator       : HHH000489: No JTA platform available (set 'hibernate.transaction.jta.platform' to enable JTA platform integration)
2026-06-11T10:44:56.965+03:00  INFO 13864 --- [jobportal] [restartedMain] j.LocalContainerEntityManagerFactoryBean : Initialized JPA EntityManagerFactory for persistence unit 'default'
2026-06-11T10:44:57.151+03:00  INFO 13864 --- [jobportal] [restartedMain] o.s.d.j.r.query.QueryEnhancerFactories   : Hibernate is in classpath; If applicable, HQL parser will be used.
2026-06-11T10:44:58.024+03:00  WARN 13864 --- [jobportal] [restartedMain] JpaBaseConfiguration$JpaWebConfiguration : spring.jpa.open-in-view is enabled by default. Therefore, database queries may be performed during view rendering. Explicitly configure spring.jpa.open-in-view to disable this warning
2026-06-11T10:44:58.177+03:00  INFO 13864 --- [jobportal] [restartedMain] eAuthenticationProviderManagerConfigurer : Global AuthenticationManager configured with AuthenticationProvider bean with name jobPortalUsernamePwdAuthenticationProvider
2026-06-11T10:44:59.486+03:00  INFO 13864 --- [jobportal] [restartedMain] o.s.boot.tomcat.TomcatWebServer          : Tomcat started on port 8080 (http) with context path '/'
2026-06-11T10:44:59.500+03:00  INFO 13864 --- [jobportal] [restartedMain] c.e.jobportal.JobportalApplication       : Started JobportalApplication in 21.763 seconds (process running for 24.017)
2026-06-11T10:44:59.518+03:00  WARN 13864 --- [jobportal] [restartedMain] o.s.core.events.SpringDocAppInitializer  : SpringDoc /v3/api-docs endpoint is enabled by default. To disable it in production, set the property 'springdoc.api-docs.enabled=false'
2026-06-11T10:44:59.519+03:00  WARN 13864 --- [jobportal] [restartedMain] o.s.core.events.SpringDocAppInitializer  : SpringDoc /swagger-ui.html endpoint is enabled by default. To disable it in production, set the property 'springdoc.swagger-ui.enabled=false'
2026-06-11T10:45:41.241+03:00  INFO 13864 --- [jobportal] [File Watcher] rtingClassPathChangeChangedEventListener : Restarting due to 1 class path change (0 additions, 0 deletions, 1 modification)
2026-06-11T10:45:41.263+03:00  INFO 13864 --- [jobportal] [Thread-1] o.s.boot.tomcat.GracefulShutdown         : Commencing graceful shutdown. Waiting for active requests to complete
2026-06-11T10:45:41.307+03:00  INFO 13864 --- [jobportal] [tomcat-shutdown] o.s.boot.tomcat.GracefulShutdown         : Graceful shutdown complete
2026-06-11T10:45:41.333+03:00  INFO 13864 --- [jobportal] [Thread-1] j.LocalContainerEntityManagerFactoryBean : Closing JPA EntityManagerFactory for persistence unit 'default'
2026-06-11T10:45:41.345+03:00  INFO 13864 --- [jobportal] [Thread-1] com.zaxxer.hikari.HikariDataSource       : HikariPool-1 - Shutdown initiated...
2026-06-11T10:45:41.367+03:00  INFO 13864 --- [jobportal] [Thread-1] com.zaxxer.hikari.HikariDataSource       : HikariPool-1 - Shutdown completed.
2026-06-11T10:45:41.575+03:00  INFO 13864 --- [jobportal] [restartedMain] c.e.jobportal.JobportalApplication       : Starting JobportalApplication using Java 25 with PID 13864 (C:\Users\rtasioul\Documents\spring\section13\jobportal\target\classes started by rtasioul in C:\Users\rtasioul\Documents\spring\section13\jobportal)
2026-06-11T10:45:41.575+03:00  INFO 13864 --- [jobportal] [restartedMain] c.e.jobportal.JobportalApplication       : No active profile set, falling back to 1 default profile: "default"
2026-06-11T10:45:41.584+03:00  INFO 13864 --- [jobportal] [restartedMain] .s.b.d.c.l.DockerComposeLifecycleManager : Using Docker Compose file C:\Users\rtasioul\Documents\spring\section13\jobportal\compose.yml
2026-06-11T10:45:42.665+03:00  INFO 13864 --- [jobportal] [restartedMain] .s.b.d.c.l.DockerComposeLifecycleManager : There are already Docker Compose services running, skipping startup
2026-06-11T10:45:43.329+03:00  INFO 13864 --- [jobportal] [restartedMain] .s.d.r.c.RepositoryConfigurationDelegate : Bootstrapping Spring Data JPA repositories in DEFAULT mode.
2026-06-11T10:45:43.374+03:00  INFO 13864 --- [jobportal] [restartedMain] .s.d.r.c.RepositoryConfigurationDelegate : Finished Spring Data repository scanning in 42 ms. Found 4 JPA repository interfaces.
2026-06-11T10:45:43.651+03:00  INFO 13864 --- [jobportal] [restartedMain] o.s.boot.tomcat.TomcatWebServer          : Tomcat initialized with port 8080 (http)
2026-06-11T10:45:43.653+03:00  INFO 13864 --- [jobportal] [restartedMain] o.apache.catalina.core.StandardService   : Starting service [Tomcat]
2026-06-11T10:45:43.653+03:00  INFO 13864 --- [jobportal] [restartedMain] o.apache.catalina.core.StandardEngine    : Starting Servlet engine: [Apache Tomcat/11.0.14]
2026-06-11T10:45:43.715+03:00  INFO 13864 --- [jobportal] [restartedMain] b.w.c.s.WebApplicationContextInitializer : Root WebApplicationContext: initialization completed in 1049 ms
2026-06-11T10:45:43.811+03:00  INFO 13864 --- [jobportal] [restartedMain] com.zaxxer.hikari.HikariDataSource       : HikariPool-2 - Starting...
2026-06-11T10:45:43.854+03:00  INFO 13864 --- [jobportal] [restartedMain] com.zaxxer.hikari.pool.HikariPool        : HikariPool-2 - Added connection com.mysql.cj.jdbc.ConnectionImpl@57dab36f
2026-06-11T10:45:43.854+03:00  INFO 13864 --- [jobportal] [restartedMain] com.zaxxer.hikari.HikariDataSource       : HikariPool-2 - Start completed.
2026-06-11T10:45:43.864+03:00  INFO 13864 --- [jobportal] [restartedMain] o.hibernate.jpa.internal.util.LogHelper  : HHH000204: Processing PersistenceUnitInfo [name: default]
2026-06-11T10:45:43.988+03:00  INFO 13864 --- [jobportal] [restartedMain] o.s.o.j.p.SpringPersistenceUnitInfo      : No LoadTimeWeaver setup: ignoring JPA class transformer
2026-06-11T10:45:43.998+03:00  INFO 13864 --- [jobportal] [restartedMain] org.hibernate.orm.connections.pooling    : HHH10001005: Database info:
	Database JDBC URL [jdbc:mysql://127.0.0.1:3306/jobportal]
	Database driver: MySQL Connector/J
	Database dialect: MySQLDialect
	Database version: 9.7
	Default catalog/schema: jobportal/undefined
	Autocommit mode: undefined/unknown
	Isolation level: REPEATABLE_READ [default REPEATABLE_READ]
	JDBC fetch size: none
	Pool: DatasourceConnectionProviderImpl
	Minimum pool size: undefined/unknown
	Maximum pool size: undefined/unknown
2026-06-11T10:45:44.359+03:00  INFO 13864 --- [jobportal] [restartedMain] o.h.e.t.j.p.i.JtaPlatformInitiator       : HHH000489: No JTA platform available (set 'hibernate.transaction.jta.platform' to enable JTA platform integration)
2026-06-11T10:45:44.361+03:00  INFO 13864 --- [jobportal] [restartedMain] j.LocalContainerEntityManagerFactoryBean : Initialized JPA EntityManagerFactory for persistence unit 'default'
2026-06-11T10:45:44.702+03:00  WARN 13864 --- [jobportal] [restartedMain] JpaBaseConfiguration$JpaWebConfiguration : spring.jpa.open-in-view is enabled by default. Therefore, database queries may be performed during view rendering. Explicitly configure spring.jpa.open-in-view to disable this warning
2026-06-11T10:45:44.752+03:00  INFO 13864 --- [jobportal] [restartedMain] eAuthenticationProviderManagerConfigurer : Global AuthenticationManager configured with AuthenticationProvider bean with name jobPortalUsernamePwdAuthenticationProvider
2026-06-11T10:45:45.094+03:00  INFO 13864 --- [jobportal] [restartedMain] o.s.boot.tomcat.TomcatWebServer          : Tomcat started on port 8080 (http) with context path '/'
2026-06-11T10:45:45.097+03:00  INFO 13864 --- [jobportal] [restartedMain] c.e.jobportal.JobportalApplication       : Started JobportalApplication in 3.608 seconds (process running for 69.614)
2026-06-11T10:45:45.107+03:00  INFO 13864 --- [jobportal] [restartedMain] .ConditionEvaluationDeltaLoggingListener : Condition evaluation unchanged
2026-06-11T10:45:45.110+03:00  WARN 13864 --- [jobportal] [restartedMain] o.s.core.events.SpringDocAppInitializer  : SpringDoc /v3/api-docs endpoint is enabled by default. To disable it in production, set the property 'springdoc.api-docs.enabled=false'
2026-06-11T10:45:45.112+03:00  WARN 13864 --- [jobportal] [restartedMain] o.s.core.events.SpringDocAppInitializer  : SpringDoc /swagger-ui.html endpoint is enabled by default. To disable it in production, set the property 'springdoc.swagger-ui.enabled=false'
2026-06-11T10:47:14.270+03:00  INFO 13864 --- [jobportal] [File Watcher] rtingClassPathChangeChangedEventListener : Restarting due to 1 class path change (0 additions, 0 deletions, 1 modification)
2026-06-11T10:47:14.273+03:00  INFO 13864 --- [jobportal] [Thread-21] o.s.boot.tomcat.GracefulShutdown         : Commencing graceful shutdown. Waiting for active requests to complete
2026-06-11T10:47:14.321+03:00  INFO 13864 --- [jobportal] [tomcat-shutdown] o.s.boot.tomcat.GracefulShutdown         : Graceful shutdown complete
2026-06-11T10:47:14.329+03:00  INFO 13864 --- [jobportal] [Thread-21] j.LocalContainerEntityManagerFactoryBean : Closing JPA EntityManagerFactory for persistence unit 'default'
2026-06-11T10:47:14.330+03:00  INFO 13864 --- [jobportal] [Thread-21] com.zaxxer.hikari.HikariDataSource       : HikariPool-2 - Shutdown initiated...
2026-06-11T10:47:14.337+03:00  INFO 13864 --- [jobportal] [Thread-21] com.zaxxer.hikari.HikariDataSource       : HikariPool-2 - Shutdown completed.
logging.pattern.file={"timestamp":"2026-06-11 10:47:14","level":"INFO","logger":"com.example.jobportal.JobportalApplication","message":"Starting JobportalApplication using Java 25 with PID 13864 (C:\Users\rtasioul\Documents\spring\section13\jobportal\target\classes started by rtasioul in C:\Users\rtasioul\Documents\spring\section13\jobportal)"}logging.pattern.file={"timestamp":"2026-06-11 10:47:14","level":"INFO","logger":"com.example.jobportal.JobportalApplication","message":"No active profile set, falling back to 1 default profile: "default""}logging.pattern.file={"timestamp":"2026-06-11 10:47:14","level":"INFO","logger":"org.springframework.boot.docker.compose.lifecycle.DockerComposeLifecycleManager","message":"Using Docker Compose file C:\Users\rtasioul\Documents\spring\section13\jobportal\compose.yml"}logging.pattern.file={"timestamp":"2026-06-11 10:47:15","level":"INFO","logger":"org.springframework.boot.docker.compose.lifecycle.DockerComposeLifecycleManager","message":"There are already Docker Compose services running, skipping startup"}logging.pattern.file={"timestamp":"2026-06-11 10:47:16","level":"INFO","logger":"org.springframework.data.repository.config.RepositoryConfigurationDelegate","message":"Bootstrapping Spring Data JPA repositories in DEFAULT mode."}logging.pattern.file={"timestamp":"2026-06-11 10:47:16","level":"INFO","logger":"org.springframework.data.repository.config.RepositoryConfigurationDelegate","message":"Finished Spring Data repository scanning in 20 ms. Found 4 JPA repository interfaces."}logging.pattern.file={"timestamp":"2026-06-11 10:47:16","level":"INFO","logger":"org.springframework.boot.tomcat.TomcatWebServer","message":"Tomcat initialized with port 8080 (http)"}logging.pattern.file={"timestamp":"2026-06-11 10:47:16","level":"INFO","logger":"org.apache.catalina.core.StandardService","message":"Starting service [Tomcat]"}logging.pattern.file={"timestamp":"2026-06-11 10:47:16","level":"INFO","logger":"org.apache.catalina.core.StandardEngine","message":"Starting Servlet engine: [Apache Tomcat/11.0.14]"}logging.pattern.file={"timestamp":"2026-06-11 10:47:16","level":"INFO","logger":"org.springframework.boot.web.context.servlet.WebApplicationContextInitializer","message":"Root WebApplicationContext: initialization completed in 799 ms"}logging.pattern.file={"timestamp":"2026-06-11 10:47:16","level":"INFO","logger":"com.zaxxer.hikari.HikariDataSource","message":"HikariPool-3 - Starting..."}logging.pattern.file={"timestamp":"2026-06-11 10:47:16","level":"INFO","logger":"com.zaxxer.hikari.pool.HikariPool","message":"HikariPool-3 - Added connection com.mysql.cj.jdbc.ConnectionImpl@346b9a45"}logging.pattern.file={"timestamp":"2026-06-11 10:47:16","level":"INFO","logger":"com.zaxxer.hikari.HikariDataSource","message":"HikariPool-3 - Start completed."}logging.pattern.file={"timestamp":"2026-06-11 10:47:16","level":"INFO","logger":"org.hibernate.jpa.internal.util.LogHelper","message":"HHH000204: Processing PersistenceUnitInfo [name: default]"}logging.pattern.file={"timestamp":"2026-06-11 10:47:16","level":"INFO","logger":"org.springframework.orm.jpa.persistenceunit.SpringPersistenceUnitInfo","message":"No LoadTimeWeaver setup: ignoring JPA class transformer"}logging.pattern.file={"timestamp":"2026-06-11 10:47:16","level":"INFO","logger":"org.hibernate.orm.connections.pooling","message":"HHH10001005: Database info:
	Database JDBC URL [jdbc:mysql://127.0.0.1:3306/jobportal]
	Database driver: MySQL Connector/J
	Database dialect: MySQLDialect
	Database version: 9.7
	Default catalog/schema: jobportal/undefined
	Autocommit mode: undefined/unknown
	Isolation level: REPEATABLE_READ [default REPEATABLE_READ]
	JDBC fetch size: none
	Pool: DatasourceConnectionProviderImpl
	Minimum pool size: undefined/unknown
	Maximum pool size: undefined/unknown"}logging.pattern.file={"timestamp":"2026-06-11 10:47:17","level":"INFO","logger":"org.hibernate.engine.transaction.jta.platform.internal.JtaPlatformInitiator","message":"HHH000489: No JTA platform available (set 'hibernate.transaction.jta.platform' to enable JTA platform integration)"}logging.pattern.file={"timestamp":"2026-06-11 10:47:17","level":"INFO","logger":"org.springframework.orm.jpa.LocalContainerEntityManagerFactoryBean","message":"Initialized JPA EntityManagerFactory for persistence unit 'default'"}logging.pattern.file={"timestamp":"2026-06-11 10:47:17","level":"WARN","logger":"org.springframework.boot.jpa.autoconfigure.JpaBaseConfiguration$JpaWebConfiguration","message":"spring.jpa.open-in-view is enabled by default. Therefore, database queries may be performed during view rendering. Explicitly configure spring.jpa.open-in-view to disable this warning"}logging.pattern.file={"timestamp":"2026-06-11 10:47:17","level":"INFO","logger":"org.springframework.security.config.annotation.authentication.configuration.InitializeAuthenticationProviderBeanManagerConfigurer$InitializeAuthenticationProviderManagerConfigurer","message":"Global AuthenticationManager configured with AuthenticationProvider bean with name jobPortalUsernamePwdAuthenticationProvider"}logging.pattern.file={"timestamp":"2026-06-11 10:47:17","level":"INFO","logger":"org.springframework.boot.tomcat.TomcatWebServer","message":"Tomcat started on port 8080 (http) with context path '/'"}logging.pattern.file={"timestamp":"2026-06-11 10:47:17","level":"INFO","logger":"com.example.jobportal.JobportalApplication","message":"Started JobportalApplication in 3.367 seconds (process running for 162.403)"}logging.pattern.file={"timestamp":"2026-06-11 10:47:17","level":"INFO","logger":"org.springframework.boot.devtools.autoconfigure.ConditionEvaluationDeltaLoggingListener","message":"Condition evaluation unchanged"}logging.pattern.file={"timestamp":"2026-06-11 10:47:17","level":"WARN","logger":"org.springdoc.core.events.SpringDocAppInitializer","message":"SpringDoc /v3/api-docs endpoint is enabled by default. To disable it in production, set the property 'springdoc.api-docs.enabled=false'"}logging.pattern.file={"timestamp":"2026-06-11 10:47:17","level":"WARN","logger":"org.springdoc.core.events.SpringDocAppInitializer","message":"SpringDoc /swagger-ui.html endpoint is enabled by default. To disable it in production, set the property 'springdoc.swagger-ui.enabled=false'"}logging.pattern.file={"timestamp":"2026-06-11 10:47:29","level":"INFO","logger":"org.apache.catalina.core.ContainerBase.[Tomcat].[localhost].[/]","message":"Initializing Spring DispatcherServlet 'dispatcherServlet'"}logging.pattern.file={"timestamp":"2026-06-11 10:47:29","level":"INFO","logger":"org.springframework.web.servlet.DispatcherServlet","message":"Initializing Servlet 'dispatcherServlet'"}logging.pattern.file={"timestamp":"2026-06-11 10:47:29","level":"INFO","logger":"org.springframework.web.servlet.DispatcherServlet","message":"Completed initialization in 2 ms"}logging.pattern.file={"timestamp":"2026-06-11 10:47:30","level":"INFO","logger":"com.example.jobportal.company.controller.LoggingController","message":"ℹ️ INFO: This is an informational message. Application events."}logging.pattern.file={"timestamp":"2026-06-11 10:47:30","level":"WARN","logger":"com.example.jobportal.company.controller.LoggingController","message":"⚠️ WARN: This is a warning! Something might go wrong."}logging.pattern.file={"timestamp":"2026-06-11 10:47:30","level":"ERROR","logger":"com.example.jobportal.company.controller.LoggingController","message":"🚨 ERROR: An error occurred! This needs immediate attention."}logging.pattern.file={"timestamp":"2026-06-11 10:48:43","level":"INFO","logger":"org.springframework.boot.tomcat.GracefulShutdown","message":"Commencing graceful shutdown. Waiting for active requests to complete"}logging.pattern.file={"timestamp":"2026-06-11 10:48:43","level":"INFO","logger":"org.springframework.boot.tomcat.GracefulShutdown","message":"Graceful shutdown complete"}logging.pattern.file={"timestamp":"2026-06-11 10:48:43","level":"INFO","logger":"org.springframework.orm.jpa.LocalContainerEntityManagerFactoryBean","message":"Closing JPA EntityManagerFactory for persistence unit 'default'"}logging.pattern.file={"timestamp":"2026-06-11 10:48:43","level":"INFO","logger":"com.zaxxer.hikari.HikariDataSource","message":"HikariPool-3 - Shutdown initiated..."}logging.pattern.file={"timestamp":"2026-06-11 10:48:43","level":"INFO","logger":"com.zaxxer.hikari.HikariDataSource","message":"HikariPool-3 - Shutdown completed."}logging.pattern.file={"timestamp":"2026-06-11 10:48:50","level":"INFO","logger":"com.example.jobportal.JobportalApplication","message":"Starting JobportalApplication using Java 25 with PID 31848 (C:\Users\rtasioul\Documents\spring\section13\jobportal\target\classes started by rtasioul in C:\Users\rtasioul\Documents\spring\section13\jobportal)"}logging.pattern.file={"timestamp":"2026-06-11 10:48:50","level":"INFO","logger":"com.example.jobportal.JobportalApplication","message":"No active profile set, falling back to 1 default profile: "default""}logging.pattern.file={"timestamp":"2026-06-11 10:48:50","level":"INFO","logger":"org.springframework.boot.devtools.env.DevToolsPropertyDefaultsPostProcessor","message":"Devtools property defaults active! Set 'spring.devtools.add-properties' to 'false' to disable"}logging.pattern.file={"timestamp":"2026-06-11 10:48:50","level":"INFO","logger":"org.springframework.boot.devtools.env.DevToolsPropertyDefaultsPostProcessor","message":"For additional web related logging consider setting the 'logging.level.web' property to 'DEBUG'"}logging.pattern.file={"timestamp":"2026-06-11 10:48:50","level":"INFO","logger":"org.springframework.boot.docker.compose.lifecycle.DockerComposeLifecycleManager","message":"Using Docker Compose file C:\Users\rtasioul\Documents\spring\section13\jobportal\compose.yml"}logging.pattern.file={"timestamp":"2026-06-11 10:48:52","level":"INFO","logger":"org.springframework.boot.docker.compose.core.DockerCli","message":" Container jobportaldb Starting "}logging.pattern.file={"timestamp":"2026-06-11 10:48:52","level":"INFO","logger":"org.springframework.boot.docker.compose.core.DockerCli","message":" Container jobportaldb Started "}logging.pattern.file={"timestamp":"2026-06-11 10:48:52","level":"INFO","logger":"org.springframework.boot.docker.compose.core.DockerCli","message":" Container jobportaldb Waiting "}logging.pattern.file={"timestamp":"2026-06-11 10:48:53","level":"INFO","logger":"org.springframework.boot.docker.compose.core.DockerCli","message":" Container jobportaldb Healthy "}logging.pattern.file={"timestamp":"2026-06-11 10:49:01","level":"INFO","logger":"org.springframework.data.repository.config.RepositoryConfigurationDelegate","message":"Bootstrapping Spring Data JPA repositories in DEFAULT mode."}logging.pattern.file={"timestamp":"2026-06-11 10:49:01","level":"INFO","logger":"org.springframework.data.repository.config.RepositoryConfigurationDelegate","message":"Finished Spring Data repository scanning in 186 ms. Found 4 JPA repository interfaces."}logging.pattern.file={"timestamp":"2026-06-11 10:49:04","level":"INFO","logger":"org.springframework.boot.tomcat.TomcatWebServer","message":"Tomcat initialized with port 8080 (http)"}logging.pattern.file={"timestamp":"2026-06-11 10:49:04","level":"INFO","logger":"org.apache.catalina.core.StandardService","message":"Starting service [Tomcat]"}logging.pattern.file={"timestamp":"2026-06-11 10:49:04","level":"INFO","logger":"org.apache.catalina.core.StandardEngine","message":"Starting Servlet engine: [Apache Tomcat/11.0.14]"}logging.pattern.file={"timestamp":"2026-06-11 10:49:04","level":"INFO","logger":"org.springframework.boot.web.context.servlet.WebApplicationContextInitializer","message":"Root WebApplicationContext: initialization completed in 5205 ms"}logging.pattern.file={"timestamp":"2026-06-11 10:49:04","level":"INFO","logger":"com.zaxxer.hikari.HikariDataSource","message":"HikariPool-1 - Starting..."}logging.pattern.file={"timestamp":"2026-06-11 10:49:05","level":"INFO","logger":"com.zaxxer.hikari.pool.HikariPool","message":"HikariPool-1 - Added connection com.mysql.cj.jdbc.ConnectionImpl@73cd57d7"}logging.pattern.file={"timestamp":"2026-06-11 10:49:05","level":"INFO","logger":"com.zaxxer.hikari.HikariDataSource","message":"HikariPool-1 - Start completed."}logging.pattern.file={"timestamp":"2026-06-11 10:49:05","level":"INFO","logger":"org.hibernate.jpa.internal.util.LogHelper","message":"HHH000204: Processing PersistenceUnitInfo [name: default]"}logging.pattern.file={"timestamp":"2026-06-11 10:49:06","level":"INFO","logger":"org.hibernate.Version","message":"HHH000412: Hibernate ORM core version 7.1.8.Final"}logging.pattern.file={"timestamp":"2026-06-11 10:49:07","level":"INFO","logger":"org.springframework.orm.jpa.persistenceunit.SpringPersistenceUnitInfo","message":"No LoadTimeWeaver setup: ignoring JPA class transformer"}logging.pattern.file={"timestamp":"2026-06-11 10:49:07","level":"INFO","logger":"org.hibernate.orm.connections.pooling","message":"HHH10001005: Database info:
	Database JDBC URL [jdbc:mysql://127.0.0.1:3306/jobportal]
	Database driver: MySQL Connector/J
	Database dialect: MySQLDialect
	Database version: 9.7
	Default catalog/schema: jobportal/undefined
	Autocommit mode: undefined/unknown
	Isolation level: REPEATABLE_READ [default REPEATABLE_READ]
	JDBC fetch size: none
	Pool: DatasourceConnectionProviderImpl
	Minimum pool size: undefined/unknown
	Maximum pool size: undefined/unknown"}logging.pattern.file={"timestamp":"2026-06-11 10:49:10","level":"INFO","logger":"org.hibernate.engine.transaction.jta.platform.internal.JtaPlatformInitiator","message":"HHH000489: No JTA platform available (set 'hibernate.transaction.jta.platform' to enable JTA platform integration)"}logging.pattern.file={"timestamp":"2026-06-11 10:49:10","level":"INFO","logger":"org.springframework.orm.jpa.LocalContainerEntityManagerFactoryBean","message":"Initialized JPA EntityManagerFactory for persistence unit 'default'"}logging.pattern.file={"timestamp":"2026-06-11 10:49:10","level":"INFO","logger":"org.springframework.data.jpa.repository.query.QueryEnhancerFactories","message":"Hibernate is in classpath; If applicable, HQL parser will be used."}logging.pattern.file={"timestamp":"2026-06-11 10:49:11","level":"WARN","logger":"org.springframework.boot.jpa.autoconfigure.JpaBaseConfiguration$JpaWebConfiguration","message":"spring.jpa.open-in-view is enabled by default. Therefore, database queries may be performed during view rendering. Explicitly configure spring.jpa.open-in-view to disable this warning"}logging.pattern.file={"timestamp":"2026-06-11 10:49:11","level":"INFO","logger":"org.springframework.security.config.annotation.authentication.configuration.InitializeAuthenticationProviderBeanManagerConfigurer$InitializeAuthenticationProviderManagerConfigurer","message":"Global AuthenticationManager configured with AuthenticationProvider bean with name jobPortalUsernamePwdAuthenticationProvider"}logging.pattern.file={"timestamp":"2026-06-11 10:49:12","level":"INFO","logger":"org.springframework.boot.tomcat.TomcatWebServer","message":"Tomcat started on port 8080 (http) with context path '/'"}logging.pattern.file={"timestamp":"2026-06-11 10:49:12","level":"INFO","logger":"com.example.jobportal.JobportalApplication","message":"Started JobportalApplication in 23.745 seconds (process running for 25.962)"}logging.pattern.file={"timestamp":"2026-06-11 10:49:12","level":"WARN","logger":"org.springdoc.core.events.SpringDocAppInitializer","message":"SpringDoc /v3/api-docs endpoint is enabled by default. To disable it in production, set the property 'springdoc.api-docs.enabled=false'"}logging.pattern.file={"timestamp":"2026-06-11 10:49:12","level":"WARN","logger":"org.springdoc.core.events.SpringDocAppInitializer","message":"SpringDoc /swagger-ui.html endpoint is enabled by default. To disable it in production, set the property 'springdoc.swagger-ui.enabled=false'"}logging.pattern.file={"timestamp":"2026-06-11 10:51:59","level":"INFO","logger":"org.springframework.boot.devtools.autoconfigure.LocalDevToolsAutoConfiguration$RestartingClassPathChangeChangedEventListener","message":"Restarting due to 1 class path change (1 addition, 0 deletions, 0 modifications)"}logging.pattern.file={"timestamp":"2026-06-11 10:51:59","level":"INFO","logger":"org.springframework.boot.tomcat.GracefulShutdown","message":"Commencing graceful shutdown. Waiting for active requests to complete"}logging.pattern.file={"timestamp":"2026-06-11 10:51:59","level":"INFO","logger":"org.springframework.boot.tomcat.GracefulShutdown","message":"Graceful shutdown complete"}logging.pattern.file={"timestamp":"2026-06-11 10:51:59","level":"INFO","logger":"org.springframework.orm.jpa.LocalContainerEntityManagerFactoryBean","message":"Closing JPA EntityManagerFactory for persistence unit 'default'"}logging.pattern.file={"timestamp":"2026-06-11 10:51:59","level":"INFO","logger":"com.zaxxer.hikari.HikariDataSource","message":"HikariPool-1 - Shutdown initiated..."}logging.pattern.file={"timestamp":"2026-06-11 10:51:59","level":"INFO","logger":"com.zaxxer.hikari.HikariDataSource","message":"HikariPool-1 - Shutdown completed."}